2025-11-11 14:57:39 [INFO]: Server is running on 5000
2025-11-11 14:57:54 [INFO]: Server is running on 5000
2025-11-11 14:57:59 [INFO]: Server is running on 5000
2025-11-11 14:58:23 [INFO]: Home route access
2025-11-11 14:58:23 [INFO]: [0mGET / [32m200[0m 39.474 ms - 13[0m
2025-11-11 14:58:25 [INFO]: [0mGET /favicon.ico [33m404[0m 3.407 ms - 150[0m
2025-11-11 14:58:42 [INFO]: Home route access
2025-11-11 14:58:42 [INFO]: [0mGET / [36m304[0m 4.165 ms - -[0m
2025-11-11 14:59:07 [INFO]: [0mPOST /api/v1/auth/register [32m200[0m 20.357 ms - 62[0m
2025-11-11 14:59:09 [INFO]: [0mPOST /api/v1/auth/register [32m200[0m 1.522 ms - 62[0m
2025-11-11 14:59:11 [INFO]: [0mPOST /api/v1/auth/register [32m200[0m 1.731 ms - 62[0m
2025-11-11 14:59:12 [INFO]: [0mPOST /api/v1/auth/register [32m200[0m 1.334 ms - 62[0m
2025-11-11 14:59:14 [INFO]: [0mPOST /api/v1/auth/register [32m200[0m 1.042 ms - 62[0m
2025-11-11 14:59:15 [INFO]: [0mPOST /api/v1/auth/register [32m200[0m 1.649 ms - 62[0m
2025-11-11 14:59:16 [INFO]: [0mPOST /api/v1/auth/register [32m200[0m 1.015 ms - 62[0m
2025-11-11 14:59:18 [INFO]: [0mPOST /api/v1/auth/register [33m429[0m 1.822 ms - 70[0m
2025-11-11 14:59:20 [INFO]: [0mPOST /api/v1/auth/register [33m429[0m 1.602 ms - 70[0m
2025-11-11 14:59:21 [INFO]: [0mPOST /api/v1/auth/register [33m429[0m 1.272 ms - 70[0m
2025-11-11 15:00:30 [INFO]: [0mPOST /api/v1/auth/register [33m429[0m 0.732 ms - 70[0m
2025-11-11 15:00:32 [INFO]: [0mPOST /api/v1/auth/register [33m429[0m 1.104 ms - 70[0m
2025-11-11 15:00:33 [INFO]: [0mPOST /api/v1/auth/register [33m429[0m 1.398 ms - 70[0m
